GowinSynthesis start
Running parser ...
Analyzing Verilog file '/home/leonardo-moraes/projeto_bloco/TP4/verilog_tp4/src/bram_frame_buffer_tp4.v'
Analyzing Verilog file '/home/leonardo-moraes/projeto_bloco/TP4/verilog_tp4/src/camera_ov7670_capture_tp4.v'
Analyzing Verilog file '/home/leonardo-moraes/projeto_bloco/TP4/verilog_tp4/src/classificador_movimento_cfg.v'
Analyzing Verilog file '/home/leonardo-moraes/projeto_bloco/TP4/verilog_tp4/src/dsp_mac_tp4.v'
Analyzing Verilog file '/home/leonardo-moraes/projeto_bloco/TP4/verilog_tp4/src/estado_para_leds.v'
Analyzing Verilog file '/home/leonardo-moraes/projeto_bloco/TP4/verilog_tp4/src/frame_diff_tp4.v'
Analyzing Verilog file '/home/leonardo-moraes/projeto_bloco/TP4/verilog_tp4/src/fsm_monitor_movimento_tp4.v'
Analyzing Verilog file '/home/leonardo-moraes/projeto_bloco/TP4/verilog_tp4/src/sccb_master_tp4.v'
Analyzing Verilog file '/home/leonardo-moraes/projeto_bloco/TP4/verilog_tp4/src/serial_out_tp4.v'
Analyzing Verilog file '/home/leonardo-moraes/projeto_bloco/TP4/verilog_tp4/src/top_tp4.v'
Analyzing Verilog file '/home/leonardo-moraes/projeto_bloco/TP4/verilog_tp4/src/unidade_aritmetica_tp4.v'
Compiling module 'top_tp4'("/home/leonardo-moraes/projeto_bloco/TP4/verilog_tp4/src/top_tp4.v":21)
Extracting RAM for identifier 'cfg_reg'("/home/leonardo-moraes/projeto_bloco/TP4/verilog_tp4/src/top_tp4.v":103)
Extracting RAM for identifier 'cfg_val'("/home/leonardo-moraes/projeto_bloco/TP4/verilog_tp4/src/top_tp4.v":104)
Compiling module 'fsm_monitor_movimento_tp4(HOLD_CYCLES=2000)'("/home/leonardo-moraes/projeto_bloco/TP4/verilog_tp4/src/fsm_monitor_movimento_tp4.v":19)
Compiling module 'sccb_master_tp4(DIV=60)'("/home/leonardo-moraes/projeto_bloco/TP4/verilog_tp4/src/sccb_master_tp4.v":16)
WARN  (EX3791) : Expression size 17 truncated to fit in target size 16("/home/leonardo-moraes/projeto_bloco/TP4/verilog_tp4/src/sccb_master_tp4.v":68)
WARN  (EX3791) : Expression size 17 truncated to fit in target size 16("/home/leonardo-moraes/projeto_bloco/TP4/verilog_tp4/src/sccb_master_tp4.v":78)
WARN  (EX3791) : Expression size 17 truncated to fit in target size 16("/home/leonardo-moraes/projeto_bloco/TP4/verilog_tp4/src/sccb_master_tp4.v":83)
WARN  (EX3791) : Expression size 17 truncated to fit in target size 16("/home/leonardo-moraes/projeto_bloco/TP4/verilog_tp4/src/sccb_master_tp4.v":97)
WARN  (EX3791) : Expression size 17 truncated to fit in target size 16("/home/leonardo-moraes/projeto_bloco/TP4/verilog_tp4/src/sccb_master_tp4.v":102)
Compiling module 'camera_ov7670_capture_tp4'("/home/leonardo-moraes/projeto_bloco/TP4/verilog_tp4/src/camera_ov7670_capture_tp4.v":17)
Compiling module 'unidade_aritmetica_tp4'("/home/leonardo-moraes/projeto_bloco/TP4/verilog_tp4/src/unidade_aritmetica_tp4.v":13)
Compiling module 'dsp_mac_tp4'("/home/leonardo-moraes/projeto_bloco/TP4/verilog_tp4/src/dsp_mac_tp4.v":27)
Compiling module 'bram_frame_buffer_tp4'("/home/leonardo-moraes/projeto_bloco/TP4/verilog_tp4/src/bram_frame_buffer_tp4.v":10)
Extracting RAM for identifier 'memoria'("/home/leonardo-moraes/projeto_bloco/TP4/verilog_tp4/src/bram_frame_buffer_tp4.v":21)
Compiling module 'frame_diff_tp4'("/home/leonardo-moraes/projeto_bloco/TP4/verilog_tp4/src/frame_diff_tp4.v":16)
Compiling module 'classificador_movimento_cfg'("/home/leonardo-moraes/projeto_bloco/TP4/verilog_tp4/src/classificador_movimento_cfg.v":1)
Compiling module 'estado_para_leds'("/home/leonardo-moraes/projeto_bloco/TP4/verilog_tp4/src/estado_para_leds.v":1)
WARN  (EX3791) : Expression size 9 truncated to fit in target size 6("/home/leonardo-moraes/projeto_bloco/TP4/verilog_tp4/src/top_tp4.v":436)
Compiling module 'serial_out_tp4(LARGURA=15)'("/home/leonardo-moraes/projeto_bloco/TP4/verilog_tp4/src/serial_out_tp4.v":26)
NOTE  (EX0101) : Current top module is "top_tp4"
[5%] Running netlist conversion ...
Running device independent optimization ...
[10%] Optimizing Phase 0 completed
[15%] Optimizing Phase 1 completed
[25%] Optimizing Phase 2 completed
Running inference ...
[30%] Inferring Phase 0 completed
[40%] Inferring Phase 1 completed
[50%] Inferring Phase 2 completed
[55%] Inferring Phase 3 completed
Running technical mapping ...
[60%] Tech-Mapping Phase 0 completed
[65%] Tech-Mapping Phase 1 completed
[75%] Tech-Mapping Phase 2 completed
[80%] Tech-Mapping Phase 3 completed
[90%] Tech-Mapping Phase 4 completed
WARN  (NL0002) : The module "bram_frame_buffer_tp4" instantiated to "buffer_media" is swept in optimizing("/home/leonardo-moraes/projeto_bloco/TP4/verilog_tp4/src/top_tp4.v":310)
WARN  (NL0002) : The module "estado_para_leds" instantiated to "conversor_leds" is swept in optimizing("/home/leonardo-moraes/projeto_bloco/TP4/verilog_tp4/src/top_tp4.v":415)
[95%] Generate netlist file "/home/leonardo-moraes/projeto_bloco/TP4/tangnano/verilog_tp4/project_tp4/top_tp4/impl/gwsynthesis/top_tp4.vg" completed
[100%] Generate report file "/home/leonardo-moraes/projeto_bloco/TP4/tangnano/verilog_tp4/project_tp4/top_tp4/impl/gwsynthesis/top_tp4_syn.rpt.html" completed
GowinSynthesis finish
