Reading netlist file: "/home/leonardo-moraes/projeto_bloco/TP4/tangnano/verilog_tp4/project_tp4/top_tp4/impl/gwsynthesis/top_tp4.vg"
Parsing netlist file "/home/leonardo-moraes/projeto_bloco/TP4/tangnano/verilog_tp4/project_tp4/top_tp4/impl/gwsynthesis/top_tp4.vg" completed
Processing netlist completed
Reading constraint file: "/home/leonardo-moraes/projeto_bloco/TP4/verilog_tp4/project_tp4/top_tp4/src/top_tp4.cst"
Physical Constraint parsed completed
Running placement......
[10%] Placement Phase 0 completed
[20%] Placement Phase 1 completed
[30%] Placement Phase 2 completed
[50%] Placement Phase 3 completed
Running routing......
[60%] Routing Phase 0 completed
[70%] Routing Phase 1 completed
[80%] Routing Phase 2 completed
WARN  (PR1014) : Generic routing resource will be used to clock signal 'pclk_d' by the specified constraint. And then it may lead to the excessive delay or skew
[90%] Routing Phase 3 completed
Running timing analysis......
[95%] Timing analysis completed
Placement and routing completed
Bitstream generation in progress......
Bitstream generation completed
Running power analysis......
[100%] Power analysis completed
Generate file "/home/leonardo-moraes/projeto_bloco/TP4/tangnano/verilog_tp4/project_tp4/top_tp4/impl/pnr/top_tp4.power.html" completed
Generate file "/home/leonardo-moraes/projeto_bloco/TP4/tangnano/verilog_tp4/project_tp4/top_tp4/impl/pnr/top_tp4.pin.html" completed
Generate file "/home/leonardo-moraes/projeto_bloco/TP4/tangnano/verilog_tp4/project_tp4/top_tp4/impl/pnr/top_tp4.rpt.html" completed
Generate file "/home/leonardo-moraes/projeto_bloco/TP4/tangnano/verilog_tp4/project_tp4/top_tp4/impl/pnr/top_tp4.rpt.txt" completed
Generate file "/home/leonardo-moraes/projeto_bloco/TP4/tangnano/verilog_tp4/project_tp4/top_tp4/impl/pnr/top_tp4.tr.html" completed
Fri Aug 28 10:42:13 2026

